
> smartchat-x-frontend@1.0.0 build
> vite build

[36mvite v5.4.21 [32mbuilding for production...[36m[39m
transforming...
[32mΓ£ô[39m 136 modules transformed.
node.exe : [31mx[39m Build 
failed in 784ms
At line:1 char:1
+ & "C:\Program 
Files\nodejs/node.exe" "C:\Use
rs\alokk\AppData\Roaming\ ...
+ ~~~~~~~~~~~~~~~~~~~~~~~~~~~~
~~~~~~~~~~~~~~~~~~~~~~~~~~~~~~
~~~~~~~~~~~
    + CategoryInfo          : 
    NotSpecified: ([31mx[3  
  9m Build failed in 784ms:   
 String) [], RemoteExcepti    
on
    + FullyQualifiedErrorId : 
    NativeCommandError
 
[31merror during build:
[31m[vite:css] [postcss] C:/U
sers/alokk/OneDrive/Desktop/sm
artX/frontend/src/index.css:14
:1: The `bg-background` class 
does not exist. If 
`bg-background` is a custom 
class, make sure it is 
defined within a `@layer` 
directive.[31m
file: [36mC:/Users/alokk/OneD
rive/Desktop/smartX/frontend/s
rc/index.css:14:0[31m
    at Input.error (C:\Users\a
lokk\OneDrive\Desktop\smartX\f
rontend\node_modules\postcss\l
ib\input.js:135:16)
    at AtRule.error (C:\Users\
alokk\OneDrive\Desktop\smartX\
frontend\node_modules\postcss\
lib\node.js:146:32)
    at processApply (C:\Users\
alokk\OneDrive\Desktop\smartX\
frontend\node_modules\tailwind
css\lib\lib\expandApplyAtRules
.js:380:29)
    at C:\Users\alokk\OneDrive
\Desktop\smartX\frontend\node_
modules\tailwindcss\lib\lib\ex
pandApplyAtRules.js:551:9
    at C:\Users\alokk\OneDrive
\Desktop\smartX\frontend\node_
modules\tailwindcss\lib\proces
sTailwindFeatures.js:55:50
    at async plugins (C:\Users
\alokk\OneDrive\Desktop\smartX
\frontend\node_modules\tailwin
dcss\lib\plugin.js:38:17)
    at async 
LazyResult.runAsync (C:\Users\
alokk\OneDrive\Desktop\smartX\
frontend\node_modules\postcss\
lib\lazy-result.js:293:11)
    at async compileCSS (file:
///C:/Users/alokk/OneDrive/Des
ktop/smartX/frontend/node_modu
les/vite/dist/node/chunks/dep-
BK3b2jBa.js:36898:21)
    at async Object.transform 
(file:///C:/Users/alokk/OneDri
ve/Desktop/smartX/frontend/nod
e_modules/vite/dist/node/chunk
s/dep-BK3b2jBa.js:36171:11)
    at async transform (file:/
//C:/Users/alokk/OneDrive/Desk
top/smartX/frontend/node_modul
es/rollup/dist/es/shared/node-
entry.js:21316:16)[39m
